分类: 📺央视频道, 名称: CCTV-1, 有效: 5, IPv4: 27, IPv6: 0, 最小延迟: 95 ms, 最高速率: 9.51 M/s, 平均速率: 7.48 M/s, 最高分辨率: 1920x1080, 平均帧率: 未知, 视频编解码器: 未知, 音频编解码器: 未知
分类: 📺央视频道, 名称: CCTV-3, 有效: 5, IPv4: 24, IPv6: 0, 最小延迟: 84 ms, 最高速率: 12.74 M/s, 平均速率: 11.44 M/s, 最高分辨率: 1920x1080, 平均帧率: 未知, 视频编解码器: 未知, 音频编解码器: 未知
分类: 📺央视频道, 名称: CCTV-4, 有效: 5, IPv4: 22, IPv6: 0, 最小延迟: 92 ms, 最高速率: 11.85 M/s, 平均速率: 8.23 M/s, 最高分辨率: 1920x1080, 平均帧率: 未知, 视频编解码器: 未知, 音频编解码器: 未知
分类: 📺央视频道, 名称: CCTV-5, 有效: 5, IPv4: 27, IPv6: 0, 最小延迟: 81 ms, 最高速率: 12.37 M/s, 平均速率: 9.40 M/s, 最高分辨率: 1920x1080, 平均帧率: 未知, 视频编解码器: 未知, 音频编解码器: 未知
分类: 📺央视频道, 名称: CCTV-2, 有效: 4, IPv4: 24, IPv6: 0, 最小延迟: 121 ms, 最高速率: 8.91 M/s, 平均速率: 8.09 M/s, 最高分辨率: 1920x1080, 平均帧率: 50.00, 视频编解码器: h264, 音频编解码器: ac3
分类: 📺央视频道, 名称: CCTV-6, 有效: 5, IPv4: 23, IPv6: 0, 最小延迟: 80 ms, 最高速率: 12.67 M/s, 平均速率: 12.26 M/s, 最高分辨率: 1920x1080, 平均帧率: 未知, 视频编解码器: 未知, 音频编解码器: 未知
分类: 📺央视频道, 名称: CCTV-8, 有效: 5, IPv4: 22, IPv6: 0, 最小延迟: 88 ms, 最高速率: 12.38 M/s, 平均速率: 11.90 M/s, 最高分辨率: 1920x1080, 平均帧率: 未知, 视频编解码器: 未知, 音频编解码器: 未知
分类: 📺央视频道, 名称: CCTV-9, 有效: 5, IPv4: 24, IPv6: 0, 最小延迟: 96 ms, 最高速率: 11.24 M/s, 平均速率: 7.60 M/s, 最高分辨率: 1920x1080, 平均帧率: 未知, 视频编解码器: 未知, 音频编解码器: 未知
分类: 📺央视频道, 名称: CCTV-10, 有效: 5, IPv4: 22, IPv6: 0, 最小延迟: 74 ms, 最高速率: 12.83 M/s, 平均速率: 11.94 M/s, 最高分辨率: 1920x1080, 平均帧率: 未知, 视频编解码器: 未知, 音频编解码器: 未知
分类: 📺央视频道, 名称: CCTV-5+, 有效: 4, IPv4: 24, IPv6: 0, 最小延迟: 466 ms, 最高速率: 6.66 M/s, 平均速率: 4.43 M/s, 最高分辨率: 1920x1080, 平均帧率: 33.33, 视频编解码器: h264, 音频编解码器: aac
分类: 📺央视频道, 名称: CCTV-7, 有效: 4, IPv4: 25, IPv6: 0, 最小延迟: 81 ms, 最高速率: 12.77 M/s, 平均速率: 11.85 M/s, 最高分辨率: 1920x1080, 平均帧率: 50.00, 视频编解码器: h264, 音频编解码器: ac3
分类: 📺央视频道, 名称: CCTV-11, 有效: 5, IPv4: 21, IPv6: 0, 最小延迟: 78 ms, 最高速率: 13.20 M/s, 平均速率: 11.72 M/s, 最高分辨率: 1920x1080, 平均帧率: 30.00, 视频编解码器: h264, 音频编解码器: aac
分类: 📺央视频道, 名称: CCTV-13, 有效: 5, IPv4: 22, IPv6: 0, 最小延迟: 70 ms, 最高速率: 12.89 M/s, 平均速率: 11.61 M/s, 最高分辨率: 1920x1080, 平均帧率: 未知, 视频编解码器: 未知, 音频编解码器: 未知
分类: 📺央视频道, 名称: CCTV-14, 有效: 5, IPv4: 20, IPv6: 0, 最小延迟: 103 ms, 最高速率: 10.62 M/s, 平均速率: 7.73 M/s, 最高分辨率: 1920x1080, 平均帧率: 未知, 视频编解码器: 未知, 音频编解码器: 未知
分类: 📺央视频道, 名称: CCTV-12, 有效: 2, IPv4: 19, IPv6: 0, 最小延迟: 455 ms, 最高速率: 5.51 M/s, 平均速率: 4.68 M/s, 最高分辨率: 1920x1080, 平均帧率: 未知, 视频编解码器: 未知, 音频编解码器: 未知
分类: 📺央视频道, 名称: CCTV-16, 有效: 5, IPv4: 19, IPv6: 0, 最小延迟: 93 ms, 最高速率: 11.08 M/s, 平均速率: 8.47 M/s, 最高分辨率: 1920x1080, 平均帧率: 未知, 视频编解码器: 未知, 音频编解码器: 未知
分类: 📺央视频道, 名称: CCTV-17, 有效: 5, IPv4: 21, IPv6: 0, 最小延迟: 90 ms, 最高速率: 11.55 M/s, 平均速率: 10.57 M/s, 最高分辨率: 1920x1080, 平均帧率: 未知, 视频编解码器: 未知, 音频编解码器: 未知
分类: 📺央视频道, 名称: CETV1, 有效: 2, IPv4: 5, IPv6: 0, 最小延迟: 82 ms, 最高速率: 11.75 M/s, 平均速率: 11.69 M/s, 最高分辨率: 1920x1080, 平均帧率: 未知, 视频编解码器: 未知, 音频编解码器: 未知
分类: 📺央视频道, 名称: CETV2, 有效: 2, IPv4: 5, IPv6: 0, 最小延迟: 77 ms, 最高速率: 12.98 M/s, 平均速率: 12.61 M/s, 最高分辨率: 1920x1080, 平均帧率: 未知, 视频编解码器: 未知, 音频编解码器: 未知
分类: 📺央视频道, 名称: CETV4, 有效: 0, IPv4: 3, IPv6: 0, 最小延迟: -1 ms, 最高速率: 0.00 M/s, 平均速率: 0.00 M/s, 最高分辨率: None, 平均帧率: 未知, 视频编解码器: 未知, 音频编解码器: 未知
分类: 📺央视频道, 名称: CCTV-15, 有效: 5, IPv4: 24, IPv6: 0, 最小延迟: 86 ms, 最高速率: 12.08 M/s, 平均速率: 9.26 M/s, 最高分辨率: 1920x1080, 平均帧率: 40.00, 视频编解码器: h264, 音频编解码器: ac3
分类: 💰央视付费频道, 名称: 文化精品, 有效: 2, IPv4: 5, IPv6: 0, 最小延迟: 550 ms, 最高速率: 7.55 M/s, 平均速率: 7.22 M/s, 最高分辨率: 1920x1080, 平均帧率: 未知, 视频编解码器: 未知, 音频编解码器: 未知
分类: 💰央视付费频道, 名称: 风云剧场, 有效: 1, IPv4: 3, IPv6: 0, 最小延迟: 524 ms, 最高速率: 8.26 M/s, 平均速率: 8.26 M/s, 最高分辨率: 1920x1080, 平均帧率: 未知, 视频编解码器: 未知, 音频编解码器: 未知
分类: 💰央视付费频道, 名称: 央视台球, 有效: 1, IPv4: 4, IPv6: 0, 最小延迟: 521 ms, 最高速率: 8.49 M/s, 平均速率: 8.49 M/s, 最高分辨率: 1920x1080, 平均帧率: 未知, 视频编解码器: 未知, 音频编解码器: 未知
分类: 💰央视付费频道, 名称: 怀旧剧场, 有效: 1, IPv4: 5, IPv6: 0, 最小延迟: 520 ms, 最高速率: 7.69 M/s, 平均速率: 7.69 M/s, 最高分辨率: 1920x1080, 平均帧率: 未知, 视频编解码器: 未知, 音频编解码器: 未知
分类: 💰央视付费频道, 名称: 风云音乐, 有效: 1, IPv4: 5, IPv6: 0, 最小延迟: 970 ms, 最高速率: 4.98 M/s, 平均速率: 4.98 M/s, 最高分辨率: 1920x1080, 平均帧率: 未知, 视频编解码器: 未知, 音频编解码器: 未知
分类: 💰央视付费频道, 名称: 第一剧场, 有效: 1, IPv4: 5, IPv6: 0, 最小延迟: 578 ms, 最高速率: 6.00 M/s, 平均速率: 6.00 M/s, 最高分辨率: 1920x1080, 平均帧率: 未知, 视频编解码器: 未知, 音频编解码器: 未知
分类: 💰央视付费频道, 名称: 电视指南, 有效: 1, IPv4: 2, IPv6: 0, 最小延迟: 522 ms, 最高速率: 8.47 M/s, 平均速率: 8.47 M/s, 最高分辨率: 1920x1080, 平均帧率: 未知, 视频编解码器: 未知, 音频编解码器: 未知
分类: 💰央视付费频道, 名称: 兵器科技, 有效: 1, IPv4: 5, IPv6: 0, 最小延迟: 909 ms, 最高速率: 4.79 M/s, 平均速率: 4.79 M/s, 最高分辨率: 1920x1080, 平均帧率: 未知, 视频编解码器: 未知, 音频编解码器: 未知
分类: 💰央视付费频道, 名称: 女性时尚, 有效: 1, IPv4: 5, IPv6: 0, 最小延迟: 542 ms, 最高速率: 8.33 M/s, 平均速率: 8.33 M/s, 最高分辨率: 1920x1080, 平均帧率: 未知, 视频编解码器: 未知, 音频编解码器: 未知
分类: 📡卫视频道, 名称: 广东卫视, 有效: 5, IPv4: 17, IPv6: 0, 最小延迟: 58 ms, 最高速率: 23.52 M/s, 平均速率: 14.39 M/s, 最高分辨率: 1920x1080, 平均帧率: 未知, 视频编解码器: 未知, 音频编解码器: 未知
分类: 📡卫视频道, 名称: 香港卫视, 有效: 0, IPv4: 1, IPv6: 0, 最小延迟: -1 ms, 最高速率: 0.00 M/s, 平均速率: 0.00 M/s, 最高分辨率: None, 平均帧率: 未知, 视频编解码器: 未知, 音频编解码器: 未知
分类: 💰央视付费频道, 名称: 高尔夫网球, 有效: 1, IPv4: 3, IPv6: 0, 最小延迟: 601 ms, 最高速率: 8.80 M/s, 平均速率: 8.80 M/s, 最高分辨率: 1920x1080, 平均帧率: 未知, 视频编解码器: 未知, 音频编解码器: 未知
分类: 💰央视付费频道, 名称: 风云足球, 有效: 1, IPv4: 4, IPv6: 0, 最小延迟: 1268 ms, 最高速率: 2.78 M/s, 平均速率: 2.78 M/s, 最高分辨率: 1920x1080, 平均帧率: 未知, 视频编解码器: 未知, 音频编解码器: 未知
分类: 📡卫视频道, 名称: 浙江卫视, 有效: 5, IPv4: 21, IPv6: 0, 最小延迟: 76 ms, 最高速率: 13.17 M/s, 平均速率: 12.23 M/s, 最高分辨率: 1920x1080, 平均帧率: 未知, 视频编解码器: 未知, 音频编解码器: 未知
分类: 💰央视付费频道, 名称: 世界地理, 有效: 1, IPv4: 3, IPv6: 0, 最小延迟: 539 ms, 最高速率: 8.69 M/s, 平均速率: 8.69 M/s, 最高分辨率: 1920x1080, 平均帧率: 未知, 视频编解码器: 未知, 音频编解码器: 未知
分类: 📡卫视频道, 名称: 湖北卫视, 有效: 5, IPv4: 15, IPv6: 0, 最小延迟: 87 ms, 最高速率: 12.01 M/s, 平均速率: 9.32 M/s, 最高分辨率: 1920x1080, 平均帧率: 未知, 视频编解码器: 未知, 音频编解码器: 未知
分类: 📡卫视频道, 名称: 湖南卫视, 有效: 4, IPv4: 25, IPv6: 0, 最小延迟: 38 ms, 最高速率: 10.63 M/s, 平均速率: 9.64 M/s, 最高分辨率: 3840x2160, 平均帧率: 50.00, 视频编解码器: h264, 音频编解码器: aac
分类: 📡卫视频道, 名称: 北京卫视, 有效: 3, IPv4: 17, IPv6: 0, 最小延迟: 39 ms, 最高速率: 13.05 M/s, 平均速率: 7.69 M/s, 最高分辨率: 1920x1080, 平均帧率: 未知, 视频编解码器: 未知, 音频编解码器: aac
分类: 📡卫视频道, 名称: 黑龙江卫视, 有效: 5, IPv4: 16, IPv6: 0, 最小延迟: 468 ms, 最高速率: 6.98 M/s, 平均速率: 6.57 M/s, 最高分辨率: 1920x1080, 平均帧率: 未知, 视频编解码器: 未知, 音频编解码器: 未知
分类: 📡卫视频道, 名称: 安徽卫视, 有效: 5, IPv4: 14, IPv6: 0, 最小延迟: 141 ms, 最高速率: 7.50 M/s, 平均速率: 6.94 M/s, 最高分辨率: 1920x1080, 平均帧率: 未知, 视频编解码器: 未知, 音频编解码器: 未知
分类: 📡卫视频道, 名称: 东方卫视, 有效: 5, IPv4: 14, IPv6: 0, 最小延迟: 70 ms, 最高速率: 12.97 M/s, 平均速率: 11.24 M/s, 最高分辨率: 1920x1080, 平均帧率: 未知, 视频编解码器: 未知, 音频编解码器: 未知
分类: 📡卫视频道, 名称: 东南卫视, 有效: 5, IPv4: 15, IPv6: 0, 最小延迟: 91 ms, 最高速率: 11.49 M/s, 平均速率: 10.00 M/s, 最高分辨率: 1920x1080, 平均帧率: 未知, 视频编解码器: 未知, 音频编解码器: 未知
分类: 📡卫视频道, 名称: 重庆卫视, 有效: 5, IPv4: 16, IPv6: 0, 最小延迟: 844 ms, 最高速率: 3.94 M/s, 平均速率: 3.38 M/s, 最高分辨率: 1920x1080, 平均帧率: 未知, 视频编解码器: 未知, 音频编解码器: 未知
分类: 📡卫视频道, 名称: 甘肃卫视, 有效: 5, IPv4: 13, IPv6: 0, 最小延迟: 94 ms, 最高速率: 12.14 M/s, 平均速率: 10.37 M/s, 最高分辨率: 1920x1080, 平均帧率: 未知, 视频编解码器: 未知, 音频编解码器: 未知
分类: 📡卫视频道, 名称: 广西卫视, 有效: 4, IPv4: 13, IPv6: 0, 最小延迟: 103 ms, 最高速率: 8.59 M/s, 平均速率: 7.13 M/s, 最高分辨率: 1920x1080, 平均帧率: 未知, 视频编解码器: 未知, 音频编解码器: 未知
分类: 📡卫视频道, 名称: 贵州卫视, 有效: 4, IPv4: 14, IPv6: 0, 最小延迟: 78 ms, 最高速率: 12.54 M/s, 平均速率: 10.95 M/s, 最高分辨率: 1920x1080, 平均帧率: 未知, 视频编解码器: 未知, 音频编解码器: 未知
分类: 📡卫视频道, 名称: 海南卫视, 有效: 5, IPv4: 17, IPv6: 0, 最小延迟: 76 ms, 最高速率: 12.89 M/s, 平均速率: 12.24 M/s, 最高分辨率: 1920x1080, 平均帧率: 30.00, 视频编解码器: h264, 音频编解码器: aac
分类: 📡卫视频道, 名称: 河北卫视, 有效: 5, IPv4: 15, IPv6: 0, 最小延迟: 88 ms, 最高速率: 12.79 M/s, 平均速率: 10.99 M/s, 最高分辨率: 1920x1080, 平均帧率: 未知, 视频编解码器: 未知, 音频编解码器: 未知
分类: 📡卫视频道, 名称: 河南卫视, 有效: 5, IPv4: 16, IPv6: 0, 最小延迟: 49 ms, 最高速率: 16.35 M/s, 平均速率: 11.66 M/s, 最高分辨率: 1920x1080, 平均帧率: 25.00, 视频编解码器: h264, 音频编解码器: aac
分类: 📡卫视频道, 名称: 吉林卫视, 有效: 5, IPv4: 12, IPv6: 0, 最小延迟: 130 ms, 最高速率: 9.12 M/s, 平均速率: 7.37 M/s, 最高分辨率: 1920x1080, 平均帧率: 未知, 视频编解码器: 未知, 音频编解码器: 未知
分类: 📡卫视频道, 名称: 江苏卫视, 有效: 5, IPv4: 14, IPv6: 0, 最小延迟: 76 ms, 最高速率: 13.30 M/s, 平均速率: 9.70 M/s, 最高分辨率: 1920x1080, 平均帧率: 未知, 视频编解码器: 未知, 音频编解码器: 未知
分类: 📡卫视频道, 名称: 江西卫视, 有效: 5, IPv4: 14, IPv6: 0, 最小延迟: 86 ms, 最高速率: 11.66 M/s, 平均速率: 8.77 M/s, 最高分辨率: 1920x1080, 平均帧率: 未知, 视频编解码器: 未知, 音频编解码器: 未知
分类: 📡卫视频道, 名称: 辽宁卫视, 有效: 5, IPv4: 16, IPv6: 0, 最小延迟: 134 ms, 最高速率: 7.55 M/s, 平均速率: 6.70 M/s, 最高分辨率: 1920x1080, 平均帧率: 未知, 视频编解码器: 未知, 音频编解码器: 未知
分类: 📡卫视频道, 名称: 内蒙古卫视, 有效: 4, IPv4: 11, IPv6: 0, 最小延迟: 108 ms, 最高速率: 9.09 M/s, 平均速率: 8.75 M/s, 最高分辨率: 1920x1080, 平均帧率: 未知, 视频编解码器: 未知, 音频编解码器: 未知
分类: 📡卫视频道, 名称: 青海卫视, 有效: 5, IPv4: 13, IPv6: 0, 最小延迟: 84 ms, 最高速率: 13.10 M/s, 平均速率: 10.88 M/s, 最高分辨率: 1920x1080, 平均帧率: 未知, 视频编解码器: 未知, 音频编解码器: 未知
分类: 📡卫视频道, 名称: 宁夏卫视, 有效: 4, IPv4: 10, IPv6: 0, 最小延迟: 85 ms, 最高速率: 11.78 M/s, 平均速率: 10.22 M/s, 最高分辨率: 1920x1080, 平均帧率: 未知, 视频编解码器: 未知, 音频编解码器: 未知
分类: 📡卫视频道, 名称: 山西卫视, 有效: 3, IPv4: 12, IPv6: 0, 最小延迟: 74 ms, 最高速率: 13.20 M/s, 平均速率: 12.56 M/s, 最高分辨率: 1920x1080, 平均帧率: 未知, 视频编解码器: 未知, 音频编解码器: 未知
分类: 📡卫视频道, 名称: 陕西卫视, 有效: 5, IPv4: 11, IPv6: 0, 最小延迟: 476 ms, 最高速率: 6.92 M/s, 平均速率: 5.90 M/s, 最高分辨率: 1920x1080, 平均帧率: 未知, 视频编解码器: 未知, 音频编解码器: 未知
分类: 📡卫视频道, 名称: 四川卫视, 有效: 5, IPv4: 24, IPv6: 0, 最小延迟: 77 ms, 最高速率: 12.50 M/s, 平均速率: 10.62 M/s, 最高分辨率: 1920x1080, 平均帧率: 未知, 视频编解码器: 未知, 音频编解码器: 未知
分类: 📡卫视频道, 名称: 深圳卫视, 有效: 5, IPv4: 15, IPv6: 0, 最小延迟: 86 ms, 最高速率: 12.22 M/s, 平均速率: 10.87 M/s, 最高分辨率: 1920x1080, 平均帧率: 未知, 视频编解码器: 未知, 音频编解码器: 未知
分类: 📡卫视频道, 名称: 山东卫视, 有效: 4, IPv4: 16, IPv6: 0, 最小延迟: 469 ms, 最高速率: 6.87 M/s, 平均速率: 5.56 M/s, 最高分辨率: 1920x1080, 平均帧率: 37.50, 视频编解码器: h264, 音频编解码器: aac
分类: 📡卫视频道, 名称: 天津卫视, 有效: 5, IPv4: 15, IPv6: 0, 最小延迟: 95 ms, 最高速率: 11.42 M/s, 平均速率: 10.01 M/s, 最高分辨率: 1920x1080, 平均帧率: 未知, 视频编解码器: 未知, 音频编解码器: 未知
分类: 📡卫视频道, 名称: 三沙卫视, 有效: 4, IPv4: 7, IPv6: 0, 最小延迟: 126 ms, 最高速率: 8.62 M/s, 平均速率: 7.71 M/s, 最高分辨率: 1920x1080, 平均帧率: 未知, 视频编解码器: 未知, 音频编解码器: 未知
分类: 📡卫视频道, 名称: 西藏卫视, 有效: 1, IPv4: 9, IPv6: 0, 最小延迟: 506 ms, 最高速率: 8.13 M/s, 平均速率: 8.13 M/s, 最高分辨率: 1920x1080, 平均帧率: 未知, 视频编解码器: 未知, 音频编解码器: 未知
分类: 📡卫视频道, 名称: 云南卫视, 有效: 5, IPv4: 13, IPv6: 0, 最小延迟: 74 ms, 最高速率: 12.65 M/s, 平均速率: 10.57 M/s, 最高分辨率: 1920x1080, 平均帧率: 未知, 视频编解码器: 未知, 音频编解码器: 未知
分类: ☘️广东频道, 名称: 广东体育, 有效: 0, IPv4: 1, IPv6: 0, 最小延迟: -1 ms, 最高速率: 0.00 M/s, 平均速率: 0.00 M/s, 最高分辨率: None, 平均帧率: 未知, 视频编解码器: 未知, 音频编解码器: 未知
分类: 📡卫视频道, 名称: 新疆卫视, 有效: 4, IPv4: 12, IPv6: 0, 最小延迟: 70 ms, 最高速率: 12.94 M/s, 平均速率: 12.32 M/s, 最高分辨率: 1920x1080, 平均帧率: 未知, 视频编解码器: 未知, 音频编解码器: 未知
分类: ☘️广东频道, 名称: 广东珠江, 有效: 0, IPv4: 1, IPv6: 0, 最小延迟: -1 ms, 最高速率: 0.00 M/s, 平均速率: 0.00 M/s, 最高分辨率: None, 平均帧率: 未知, 视频编解码器: 未知, 音频编解码器: 未知
分类: ☘️广东频道, 名称: 广东新闻, 有效: 0, IPv4: 2, IPv6: 0, 最小延迟: -1 ms, 最高速率: 0.00 M/s, 平均速率: 0.00 M/s, 最高分辨率: None, 平均帧率: 未知, 视频编解码器: 未知, 音频编解码器: 未知
分类: ☘️广东频道, 名称: 广州综合, 有效: 0, IPv4: 1, IPv6: 0, 最小延迟: 2013 ms, 最高速率: 0.25 M/s, 平均速率: 0.00 M/s, 最高分辨率: 1280x720, 平均帧率: 未知, 视频编解码器: 未知, 音频编解码器: 未知
分类: ☘️广东频道, 名称: 广州影视, 有效: 0, IPv4: 1, IPv6: 0, 最小延迟: -1 ms, 最高速率: 0.00 M/s, 平均速率: 0.00 M/s, 最高分辨率: None, 平均帧率: 未知, 视频编解码器: 未知, 音频编解码器: 未知
分类: ☘️广东频道, 名称: 大湾区卫视, 有效: 4, IPv4: 12, IPv6: 0, 最小延迟: 77 ms, 最高速率: 12.50 M/s, 平均速率: 12.27 M/s, 最高分辨率: 1920x1080, 平均帧率: 未知, 视频编解码器: 未知, 音频编解码器: 未知
分类: 🌊港·澳·台, 名称: 翡翠台, 有效: 0, IPv4: 4, IPv6: 0, 最小延迟: -1 ms, 最高速率: 0.00 M/s, 平均速率: 0.00 M/s, 最高分辨率: None, 平均帧率: 未知, 视频编解码器: 未知, 音频编解码器: 未知
分类: ☘️广东频道, 名称: 广州竞赛, 有效: 1, IPv4: 2, IPv6: 0, 最小延迟: 1503 ms, 最高速率: 5.80 M/s, 平均速率: 5.80 M/s, 最高分辨率: 1280x720, 平均帧率: 25.00, 视频编解码器: h264, 音频编解码器: aac
分类: ☘️广东频道, 名称: 广东民生, 有效: 0, IPv4: 3, IPv6: 0, 最小延迟: 10522 ms, 最高速率: 0.02 M/s, 平均速率: 0.00 M/s, 最高分辨率: None, 平均帧率: 未知, 视频编解码器: 未知, 音频编解码器: 未知
分类: 🌊港·澳·台, 名称: 凤凰中文, 有效: 0, IPv4: 11, IPv6: 0, 最小延迟: -1 ms, 最高速率: 0.00 M/s, 平均速率: 0.00 M/s, 最高分辨率: None, 平均帧率: 未知, 视频编解码器: 未知, 音频编解码器: 未知
分类: 🌊港·澳·台, 名称: 凤凰香港, 有效: 0, IPv4: 5, IPv6: 0, 最小延迟: -1 ms, 最高速率: 0.00 M/s, 平均速率: 0.00 M/s, 最高分辨率: None, 平均帧率: 未知, 视频编解码器: 未知, 音频编解码器: 未知
分类: 🌊港·澳·台, 名称: 凤凰卫视, 有效: 0, IPv4: 1, IPv6: 0, 最小延迟: -1 ms, 最高速率: 0.00 M/s, 平均速率: 0.00 M/s, 最高分辨率: None, 平均帧率: 未知, 视频编解码器: 未知, 音频编解码器: 未知
分类: 🌊港·澳·台, 名称: 明珠台, 有效: 0, IPv4: 5, IPv6: 0, 最小延迟: 621 ms, 最高速率: 0.11 M/s, 平均速率: 0.00 M/s, 最高分辨率: 1920x1080, 平均帧率: 25.00, 视频编解码器: h264, 音频编解码器: aac
分类: 🌊港·澳·台, 名称: 无线新闻, 有效: 0, IPv4: 2, IPv6: 0, 最小延迟: -1 ms, 最高速率: 0.00 M/s, 平均速率: 0.00 M/s, 最高分辨率: None, 平均帧率: 未知, 视频编解码器: 未知, 音频编解码器: 未知
分类: 🌊港·澳·台, 名称: 三立台湾, 有效: 0, IPv4: 1, IPv6: 0, 最小延迟: -1 ms, 最高速率: 0.00 M/s, 平均速率: 0.00 M/s, 最高分辨率: None, 平均帧率: 未知, 视频编解码器: 未知, 音频编解码器: 未知
分类: 🌊港·澳·台, 名称: 三立新闻, 有效: 0, IPv4: 3, IPv6: 0, 最小延迟: -1 ms, 最高速率: 0.00 M/s, 平均速率: 0.00 M/s, 最高分辨率: None, 平均帧率: 未知, 视频编解码器: 未知, 音频编解码器: 未知
分类: 🌊港·澳·台, 名称: 东森综合, 有效: 0, IPv4: 2, IPv6: 0, 最小延迟: -1 ms, 最高速率: 0.00 M/s, 平均速率: 0.00 M/s, 最高分辨率: None, 平均帧率: 未知, 视频编解码器: 未知, 音频编解码器: 未知
分类: 🌊港·澳·台, 名称: 东森超视, 有效: 0, IPv4: 2, IPv6: 0, 最小延迟: -1 ms, 最高速率: 0.00 M/s, 平均速率: 0.00 M/s, 最高分辨率: None, 平均帧率: 未知, 视频编解码器: 未知, 音频编解码器: 未知
分类: 🌊港·澳·台, 名称: 凤凰资讯, 有效: 0, IPv4: 9, IPv6: 0, 最小延迟: 6878 ms, 最高速率: 0.26 M/s, 平均速率: 0.00 M/s, 最高分辨率: 1280x720, 平均帧率: 25.00, 视频编解码器: h264, 音频编解码器: aac
分类: 🌊港·澳·台, 名称: 东森电影, 有效: 0, IPv4: 2, IPv6: 0, 最小延迟: -1 ms, 最高速率: 0.00 M/s, 平均速率: 0.00 M/s, 最高分辨率: None, 平均帧率: 未知, 视频编解码器: 未知, 音频编解码器: 未知
